// Jest Snapshot v1, https://goo.gl/fbAQLP

exports[`<OptForm /> renders the <OptForm /> with populated data 1`] = `
<div
  class="opt-form__Container-eyqnok-0 cCtScF"
>
  <input
    class="opt-form__Input-eyqnok-1 eQIMBI"
    placeholder="Email address"
  />
  <button
    class="opt-form__Button-eyqnok-3 jDiTAw"
  >
    Try it now
     
    <img
      alt="Try Now"
      src="/images/icons/chevron-right.png"
    />
  </button>
  <div
    class="opt-form__Break-eyqnok-2 fNcykR"
  />
  <p
    class="opt-form__Text-eyqnok-4 bjboiU"
  >
    Ready to watch? Enter your email to create or restart your membership.
  </p>
</div>
`;
